../Core/Src/main.c:88:5:main	8	static
../Core/Src/main.c:161:6:SystemClock_Config	88	static
../Core/Src/main.c:215:13:MX_ADC1_Init	24	static
../Core/Src/main.c:304:13:MX_SPI3_Init	8	static
../Core/Src/main.c:342:13:MX_TIM1_Init	80	static
../Core/Src/main.c:420:13:MX_UART7_Init	8	static
../Core/Src/main.c:453:13:MX_USART1_UART_Init	8	static
../Core/Src/main.c:484:13:MX_DMA_Init	16	static
../Core/Src/main.c:515:13:MX_GPIO_Init	56	static
../Core/Src/main.c:603:6:Error_Handler	4	static,ignoring_inline_asm
