../Core/Src/main.c:118:6:checkNodeId	8	static
../Core/Src/main.c:126:6:checkIpAddr	8	static
../Core/Src/main.c:134:6:updateDislayIO	8	static
../Core/Src/main.c:153:6:updateDisplayTemp	24	static
../Core/Src/main.c:174:5:main	8	static
../Core/Src/main.c:256:6:SystemClock_Config	88	static
../Core/Src/main.c:310:13:MX_ADC1_Init	24	static
../Core/Src/main.c:398:13:MX_SPI3_Init	8	static
../Core/Src/main.c:436:13:MX_TIM1_Init	80	static
../Core/Src/main.c:514:13:MX_UART7_Init	8	static
../Core/Src/main.c:547:13:MX_USART1_UART_Init	8	static
../Core/Src/main.c:578:13:MX_DMA_Init	16	static
../Core/Src/main.c:612:13:MX_GPIO_Init	56	static
../Core/Src/main.c:700:6:Error_Handler	4	static,ignoring_inline_asm
