../Core/Src/sysstatus.c:65:6:SysStatus_Init	64	static
../Core/Src/sysstatus.c:114:6:SysStatus_SetSystemState	24	static
../Core/Src/sysstatus.c:140:6:SysStatus_Comms_Trigger	8	static
../Core/Src/sysstatus.c:150:6:SysStatus_Process	8	static
../Core/Src/sysstatus.c:173:6:SysStatus_UpdateIP	56	static
../Core/Src/sysstatus.c:200:6:SysStatus_UpdateNodeId	48	static
../Core/Src/sysstatus.c:214:6:SysStatus_UpdateInputsDisplay	64	static
../Core/Src/sysstatus.c:250:6:SysStatus_UpdateOutputsDisplay	80	static
../Core/Src/sysstatus.c:288:6:DrawTempLabels	16	static
../Core/Src/sysstatus.c:306:6:SysStatus_UpdateTempDisplay	40	static
../Core/Src/sysstatus.c:344:6:HAL_SPI_TxCpltCallback	16	static
