../Displays/ST7735_Canvas/ST7735Canvas.c:276:6:ST7735_Init	24	static
../Displays/ST7735_Canvas/ST7735Canvas.c:305:6:ST7735_Start	16	static
../Displays/ST7735_Canvas/ST7735Canvas.c:317:6:ST7735_InitB	16	static
../Displays/ST7735_Canvas/ST7735Canvas.c:322:6:ST7735_InitR	24	static
../Displays/ST7735_Canvas/ST7735Canvas.c:372:6:ST7735_DisplayInit	24	static
../Displays/ST7735_Canvas/ST7735Canvas.c:398:6:ST7735_DisplayOn	16	static
../Displays/ST7735_Canvas/ST7735Canvas.c:404:6:ST7735_DisplayOff	16	static
../Displays/ST7735_Canvas/ST7735Canvas.c:410:6:ST7735_Select	16	static
../Displays/ST7735_Canvas/ST7735Canvas.c:414:6:ST7735_Unselect	16	static
../Displays/ST7735_Canvas/ST7735Canvas.c:418:6:ST7735_Reset	16	static
../Displays/ST7735_Canvas/ST7735Canvas.c:425:6:ST7735_WriteCommand	16	static
../Displays/ST7735_Canvas/ST7735Canvas.c:431:6:ST7735_WriteData	24	static
../Displays/ST7735_Canvas/ST7735Canvas.c:437:6:ST7735_WriteDataDMA	24	static
../Displays/ST7735_Canvas/ST7735Canvas.c:447:6:ST7735_SetAddressWindow	24	static
../Displays/ST7735_Canvas/ST7735Canvas.c:466:6:ST7735_SetRotation	24	static
../Displays/ST7735_Canvas/ST7735Canvas.c:609:6:ST7735_DrawPixel	40	static
../Displays/ST7735_Canvas/ST7735Canvas.c:644:6:ST7735_DrawChar	40	static
../Displays/ST7735_Canvas/ST7735Canvas.c:681:9:ST7735_WriteChar	32	static
../Displays/ST7735_Canvas/ST7735Canvas.c:739:8:ST7735_Write	32	static
../Displays/ST7735_Canvas/ST7735Canvas.c:750:8:ST7735_Print	24	static
../Displays/ST7735_Canvas/ST7735Canvas.c:762:6:ST7735_FillRect	48	static
../Displays/ST7735_Canvas/ST7735Canvas.c:784:6:ST7735_FillScreen	24	static
../Displays/ST7735_Canvas/ST7735Canvas.c:791:6:ST7735_DrawImage	40	static
../Displays/ST7735_Canvas/ST7735Canvas.c:802:6:ST7735_DrawImageDMA	40	static
../Displays/ST7735_Canvas/ST7735Canvas.c:813:6:ST7735_InvertColors	16	static
../Displays/ST7735_Canvas/ST7735Canvas.c:821:6:ST7735_SetFont	16	static
../Displays/ST7735_Canvas/ST7735Canvas.c:825:6:ST7735_SetCursor	16	static
../Displays/ST7735_Canvas/ST7735Canvas.c:830:6:ST7735_SetTextColor	16	static
../Displays/ST7735_Canvas/ST7735Canvas.c:835:6:ST7735_SetTextBGColor	16	static
../Displays/ST7735_Canvas/ST7735Canvas.c:839:9:ST7735_GetTextWidth	32	static
../Displays/ST7735_Canvas/ST7735Canvas.c:867:9:ST7735_GetTextHeight	40	static
../Displays/ST7735_Canvas/ST7735Canvas.c:891:6:ST7735_WriteLine	48	static
../Displays/ST7735_Canvas/ST7735Canvas.c:932:6:ST7735_DrawFastVLine	40	static
../Displays/ST7735_Canvas/ST7735Canvas.c:936:6:ST7735_DrawFastHLine	32	static
../Displays/ST7735_Canvas/ST7735Canvas.c:940:6:ST7735_DrawLine	40	static
../Displays/ST7735_Canvas/ST7735Canvas.c:952:6:ST7735_DrawCircle	40	static
../Displays/ST7735_Canvas/ST7735Canvas.c:985:6:ST7735_DrawCircleHelper	40	static
../Displays/ST7735_Canvas/ST7735Canvas.c:1020:6:ST7735_FillCircleHelper	48	static
../Displays/ST7735_Canvas/ST7735Canvas.c:1055:6:ST7735_FillCircle	40	static
../Displays/ST7735_Canvas/ST7735Canvas.c:1060:6:ST7735_DrawRect	32	static
../Displays/ST7735_Canvas/ST7735Canvas.c:1067:6:ST7735_DrawRoundRect	40	static
../Displays/ST7735_Canvas/ST7735Canvas.c:1083:6:ST7735_FillRoundRect	56	static
../Displays/ST7735_Canvas/ST7735Canvas.c:1094:6:ST7735_DrawTriangle	32	static
../Displays/ST7735_Canvas/ST7735Canvas.c:1101:6:ST7735_FillTriangle	80	static
../Displays/ST7735_Canvas/ST7735Canvas.c:1184:6:ST7735_InitCanvas	32	static
../Displays/ST7735_Canvas/ST7735Canvas.c:1193:6:ST7735_DeleteCanvas	16	static
../Displays/ST7735_Canvas/ST7735Canvas.c:1197:6:ST7735_DrawPixelCanvas	32	static
../Displays/ST7735_Canvas/ST7735Canvas.c:1229:10:ST7735_GetPixelCanvas	16	static
../Displays/ST7735_Canvas/ST7735Canvas.c:1249:10:ST7735_GetRawPixelCanvas	16	static
../Displays/ST7735_Canvas/ST7735Canvas.c:1259:6:ST7735_FillScreenCanvas	24	static
../Displays/ST7735_Canvas/ST7735Canvas.c:1263:6:ST7735_FillRectCanvas	32	static
../Displays/ST7735_Canvas/ST7735Canvas.c:1276:6:ST7735_SetFontCanvas	16	static
../Displays/ST7735_Canvas/ST7735Canvas.c:1280:6:ST7735_SetCursorCanvas	16	static
../Displays/ST7735_Canvas/ST7735Canvas.c:1285:6:ST7735_SetTextColorCanvas	16	static
../Displays/ST7735_Canvas/ST7735Canvas.c:1290:6:ST7735_SetTextBGColorCanvas	16	static
../Displays/ST7735_Canvas/ST7735Canvas.c:1296:6:ST7735_DrawCharCanvas	40	static
../Displays/ST7735_Canvas/ST7735Canvas.c:1328:9:ST7735_WriteCharCanvas	32	static
../Displays/ST7735_Canvas/ST7735Canvas.c:1356:8:ST7735_WriteTextCanvas	32	static
../Displays/ST7735_Canvas/ST7735Canvas.c:1365:8:ST7735_PrintTextCanvas	24	static
../Displays/ST7735_Canvas/ST7735Canvas.c:1377:6:ST7735_DrawFastRawVLineCanvas	32	static
../Displays/ST7735_Canvas/ST7735Canvas.c:1387:6:ST7735_DrawFastVLineCanvas	32	static
../Displays/ST7735_Canvas/ST7735Canvas.c:1439:6:ST7735_DrawFastRawHLineCanvas	40	static
../Displays/ST7735_Canvas/ST7735Canvas.c:1448:6:ST7735_DrawFastHLineCanvas	32	static
../Displays/ST7735_Canvas/ST7735Canvas.c:1501:6:ST7735_WriteLineCanvas	48	static
../Displays/ST7735_Canvas/ST7735Canvas.c:1542:6:ST7735_DrawLineCanvas	40	static
../Displays/ST7735_Canvas/ST7735Canvas.c:1554:6:ST7735_DrawCircleCanvas	40	static
../Displays/ST7735_Canvas/ST7735Canvas.c:1587:6:ST7735_DrawCircleHelperCanvas	40	static
../Displays/ST7735_Canvas/ST7735Canvas.c:1622:6:ST7735_FillCircleHelperCanvas	48	static
../Displays/ST7735_Canvas/ST7735Canvas.c:1657:6:ST7735_FillCircleCanvas	40	static
../Displays/ST7735_Canvas/ST7735Canvas.c:1662:6:ST7735_DrawRectCanvas	32	static
../Displays/ST7735_Canvas/ST7735Canvas.c:1669:6:ST7735_DrawRoundRectCanvas	40	static
../Displays/ST7735_Canvas/ST7735Canvas.c:1684:6:ST7735_FillRoundRectCanvas	56	static
../Displays/ST7735_Canvas/ST7735Canvas.c:1694:6:ST7735_DrawTriangleCanvas	32	static
../Displays/ST7735_Canvas/ST7735Canvas.c:1700:6:ST7735_FillTriangleCanvas	80	static
../Displays/ST7735_Canvas/ST7735Canvas.c:1774:6:ST7735_WriteCanvas	32	static
../Displays/ST7735_Canvas/ST7735Canvas.c:1778:6:ST7735_WriteCanvasDMA	32	static
