../Displays/ST7735_Canvas/ST7735Canvas.c:276:6:ST7735_Init	24	static
../Displays/ST7735_Canvas/ST7735Canvas.c:305:6:ST7735_Start	16	static
../Displays/ST7735_Canvas/ST7735Canvas.c:317:6:ST7735_InitB	16	static
../Displays/ST7735_Canvas/ST7735Canvas.c:322:6:ST7735_InitR	24	static
../Displays/ST7735_Canvas/ST7735Canvas.c:372:6:ST7735_DisplayInit	24	static
../Displays/ST7735_Canvas/ST7735Canvas.c:398:6:ST7735_DisplayOn	16	static
../Displays/ST7735_Canvas/ST7735Canvas.c:404:6:ST7735_DisplayOff	16	static
../Displays/ST7735_Canvas/ST7735Canvas.c:410:6:ST7735_Select	16	static
../Displays/ST7735_Canvas/ST7735Canvas.c:414:6:ST7735_Unselect	16	static
../Displays/ST7735_Canvas/ST7735Canvas.c:418:6:ST7735_Reset	16	static
../Displays/ST7735_Canvas/ST7735Canvas.c:425:6:ST7735_WriteCommand	16	static
../Displays/ST7735_Canvas/ST7735Canvas.c:431:6:ST7735_WriteData	24	static
../Displays/ST7735_Canvas/ST7735Canvas.c:437:6:ST7735_WriteDataDMA	24	static
../Displays/ST7735_Canvas/ST7735Canvas.c:485:6:ST7735_SetAddressWindow	24	static
../Displays/ST7735_Canvas/ST7735Canvas.c:504:6:ST7735_SetRotation	24	static
../Displays/ST7735_Canvas/ST7735Canvas.c:647:6:ST7735_DrawPixel	40	static
../Displays/ST7735_Canvas/ST7735Canvas.c:682:6:ST7735_DrawChar	40	static
../Displays/ST7735_Canvas/ST7735Canvas.c:719:9:ST7735_WriteChar	32	static
../Displays/ST7735_Canvas/ST7735Canvas.c:777:8:ST7735_Write	32	static
../Displays/ST7735_Canvas/ST7735Canvas.c:788:8:ST7735_Print	24	static
../Displays/ST7735_Canvas/ST7735Canvas.c:800:6:ST7735_FillRect	48	static
../Displays/ST7735_Canvas/ST7735Canvas.c:822:6:ST7735_FillScreen	24	static
../Displays/ST7735_Canvas/ST7735Canvas.c:829:6:ST7735_DrawImage	40	static
../Displays/ST7735_Canvas/ST7735Canvas.c:840:6:ST7735_DrawImageDMA	40	static
../Displays/ST7735_Canvas/ST7735Canvas.c:851:6:ST7735_InvertColors	16	static
../Displays/ST7735_Canvas/ST7735Canvas.c:859:6:ST7735_SetFont	16	static
../Displays/ST7735_Canvas/ST7735Canvas.c:863:6:ST7735_SetCursor	16	static
../Displays/ST7735_Canvas/ST7735Canvas.c:868:6:ST7735_SetTextColor	16	static
../Displays/ST7735_Canvas/ST7735Canvas.c:873:6:ST7735_SetTextBGColor	16	static
../Displays/ST7735_Canvas/ST7735Canvas.c:877:9:ST7735_GetTextWidth	32	static
../Displays/ST7735_Canvas/ST7735Canvas.c:905:9:ST7735_GetTextHeight	40	static
../Displays/ST7735_Canvas/ST7735Canvas.c:929:6:ST7735_WriteLine	48	static
../Displays/ST7735_Canvas/ST7735Canvas.c:970:6:ST7735_DrawFastVLine	40	static
../Displays/ST7735_Canvas/ST7735Canvas.c:974:6:ST7735_DrawFastHLine	32	static
../Displays/ST7735_Canvas/ST7735Canvas.c:978:6:ST7735_DrawLine	40	static
../Displays/ST7735_Canvas/ST7735Canvas.c:990:6:ST7735_DrawCircle	40	static
../Displays/ST7735_Canvas/ST7735Canvas.c:1023:6:ST7735_DrawCircleHelper	40	static
../Displays/ST7735_Canvas/ST7735Canvas.c:1058:6:ST7735_FillCircleHelper	48	static
../Displays/ST7735_Canvas/ST7735Canvas.c:1093:6:ST7735_FillCircle	40	static
../Displays/ST7735_Canvas/ST7735Canvas.c:1098:6:ST7735_DrawRect	32	static
../Displays/ST7735_Canvas/ST7735Canvas.c:1105:6:ST7735_DrawRoundRect	40	static
../Displays/ST7735_Canvas/ST7735Canvas.c:1121:6:ST7735_FillRoundRect	56	static
../Displays/ST7735_Canvas/ST7735Canvas.c:1132:6:ST7735_DrawTriangle	32	static
../Displays/ST7735_Canvas/ST7735Canvas.c:1139:6:ST7735_FillTriangle	80	static
../Displays/ST7735_Canvas/ST7735Canvas.c:1222:6:ST7735_InitCanvas	32	static
../Displays/ST7735_Canvas/ST7735Canvas.c:1231:6:ST7735_DeleteCanvas	16	static
../Displays/ST7735_Canvas/ST7735Canvas.c:1235:6:ST7735_DrawPixelCanvas	32	static
../Displays/ST7735_Canvas/ST7735Canvas.c:1267:10:ST7735_GetPixelCanvas	16	static
../Displays/ST7735_Canvas/ST7735Canvas.c:1287:10:ST7735_GetRawPixelCanvas	16	static
../Displays/ST7735_Canvas/ST7735Canvas.c:1297:6:ST7735_FillScreenCanvas	24	static
../Displays/ST7735_Canvas/ST7735Canvas.c:1301:6:ST7735_FillRectCanvas	32	static
../Displays/ST7735_Canvas/ST7735Canvas.c:1314:6:ST7735_SetFontCanvas	16	static
../Displays/ST7735_Canvas/ST7735Canvas.c:1318:6:ST7735_SetCursorCanvas	16	static
../Displays/ST7735_Canvas/ST7735Canvas.c:1323:6:ST7735_SetTextColorCanvas	16	static
../Displays/ST7735_Canvas/ST7735Canvas.c:1328:6:ST7735_SetTextBGColorCanvas	16	static
../Displays/ST7735_Canvas/ST7735Canvas.c:1334:6:ST7735_DrawCharCanvas	40	static
../Displays/ST7735_Canvas/ST7735Canvas.c:1366:9:ST7735_WriteCharCanvas	32	static
../Displays/ST7735_Canvas/ST7735Canvas.c:1394:8:ST7735_WriteTextCanvas	32	static
../Displays/ST7735_Canvas/ST7735Canvas.c:1403:8:ST7735_PrintTextCanvas	24	static
../Displays/ST7735_Canvas/ST7735Canvas.c:1415:6:ST7735_DrawFastRawVLineCanvas	32	static
../Displays/ST7735_Canvas/ST7735Canvas.c:1425:6:ST7735_DrawFastVLineCanvas	32	static
../Displays/ST7735_Canvas/ST7735Canvas.c:1477:6:ST7735_DrawFastRawHLineCanvas	40	static
../Displays/ST7735_Canvas/ST7735Canvas.c:1486:6:ST7735_DrawFastHLineCanvas	32	static
../Displays/ST7735_Canvas/ST7735Canvas.c:1539:6:ST7735_WriteLineCanvas	48	static
../Displays/ST7735_Canvas/ST7735Canvas.c:1580:6:ST7735_DrawLineCanvas	40	static
../Displays/ST7735_Canvas/ST7735Canvas.c:1592:6:ST7735_DrawCircleCanvas	40	static
../Displays/ST7735_Canvas/ST7735Canvas.c:1625:6:ST7735_DrawCircleHelperCanvas	40	static
../Displays/ST7735_Canvas/ST7735Canvas.c:1660:6:ST7735_FillCircleHelperCanvas	48	static
../Displays/ST7735_Canvas/ST7735Canvas.c:1695:6:ST7735_FillCircleCanvas	40	static
../Displays/ST7735_Canvas/ST7735Canvas.c:1700:6:ST7735_DrawRectCanvas	32	static
../Displays/ST7735_Canvas/ST7735Canvas.c:1707:6:ST7735_DrawRoundRectCanvas	40	static
../Displays/ST7735_Canvas/ST7735Canvas.c:1722:6:ST7735_FillRoundRectCanvas	56	static
../Displays/ST7735_Canvas/ST7735Canvas.c:1732:6:ST7735_DrawTriangleCanvas	32	static
../Displays/ST7735_Canvas/ST7735Canvas.c:1738:6:ST7735_FillTriangleCanvas	80	static
../Displays/ST7735_Canvas/ST7735Canvas.c:1812:6:ST7735_WriteCanvas	32	static
../Displays/ST7735_Canvas/ST7735Canvas.c:1816:6:ST7735_WriteCanvasDMA	32	static
